
> code-oss-dev@1.121.03563 gulp
> node --experimental-strip-types --max-old-space-size=8192 ./node_modules/gulp/bin/gulp.js vscode-min-prepack

[[90m15:29:51[39m] Using gulpfile ~\devprojects\2-auraia\auraia-ide\vscode\gulpfile.mjs
[[90m15:29:51[39m] Starting 'vscode-min-prepack'...
[[90m15:29:51[39m] Starting [36mcopy-codicons[39m ...
[[90m15:29:51[39m] Finished [36mcopy-codicons[39m after [35m5 ms[39m
[[90m15:29:51[39m] Starting [36mclean-out-build[39m ...
[[90m15:29:55[39m] Finished [36mclean-out-build[39m after [35m4015 ms[39m
[[90m15:29:55[39m] Starting [36mbuild-date-file[39m ...
[[90m15:29:55[39m] Finished [36mbuild-date-file[39m after [35m206 ms[39m
[[90m15:29:55[39m] Starting [36mcompile-api-proposal-names[39m ...
[[90m15:29:55[39m] Starting [32mcompilation[39m[34m api-proposal-names[39m...
[[90m15:29:56[39m] Finished [32mcompilation[39m[34m api-proposal-names[39m with 0 errors after [35m819 ms[39m
[[90m15:29:56[39m] Finished [36mcompile-api-proposal-names[39m after [35m843 ms[39m
[[90m15:29:56[39m] Starting [36mcompile-src[39m ...
[[90m15:30:17[39m] Starting [32mcompilation[39m...
(node:23780) [DEP0180] DeprecationWarning: fs.Stats constructor is deprecated.
(Use `node --trace-deprecation ...` to show where the warning was created)
[[90m15:37:37[39m] Finished [32mcompilation[39m with 0 errors after [35m439246 ms[39m
[[90m15:37:37[39m] Finished [36mcompile-src[39m after [35m460693 ms[39m
[[90m15:37:37[39m] Starting [36mcompile-build-without-mangling[39m ...
[[90m15:37:37[39m] Finished [36mcompile-build-without-mangling[39m after [35m1 ms[39m
[[90m15:37:37[39m] Starting [36mclean-extensions-build[39m ...
[[90m15:37:37[39m] Finished [36mclean-extensions-build[39m after [35m2 ms[39m
[[90m15:37:37[39m] Starting [36mbundle-marketplace-extensions-build[39m ...
[[90m15:37:37[39m] Downloading extension from GH: [33mms-vscode.js-debug-companion@1.1.3[39m ...
[[90m15:37:37[39m] Downloading extension from GH: [33mms-vscode.js-debug@1.117.0[39m ...
[[90m15:37:37[39m] Downloading extension from GH: [33mms-vscode.vscode-js-profile-table@1.0.10[39m ...
[[90m15:37:39[39m] Finished [36mbundle-marketplace-extensions-build[39m after [35m2425 ms[39m
[[90m15:37:39[39m] Starting [36mbundle-non-native-extensions-build[39m ...
[[90m15:37:57[39m] Bundled extension: [33mextension-editing\esbuild.mts[39m with 0 errors.
[[90m15:37:57[39m] Bundled extension: [33mreferences-view\esbuild.mts[39m with 0 errors.
[[90m15:37:57[39m] Bundled extension: [33mtunnel-forwarding\esbuild.mts[39m with 0 errors.
[[90m15:37:57[39m] Bundled extension: [33msearch-result\esbuild.mts[39m with 0 errors.
[[90m15:37:57[39m] Bundled extension: [33mmarkdown-math\esbuild.mts[39m with 0 errors.
[[90m15:37:57[39m] Bundled extension: [33msimple-browser\esbuild.mts[39m with 0 errors.
[[90m15:37:57[39m] Bundled extension: [33mgrunt\esbuild.mts[39m with 0 errors.
[[90m15:37:57[39m] Bundled extension: [33mgulp\esbuild.mts[39m with 0 errors.
[[90m15:37:57[39m] Bundled extension: [33mjake\esbuild.mts[39m with 0 errors.
[[90m15:37:57[39m] Bundled extension: [33mgit-base\esbuild.mts[39m with 0 errors.
[[90m15:37:57[39m] Bundled extension: [33mdebug-server-ready\esbuild.mts[39m with 0 errors.
[[90m15:37:57[39m] Bundled extension: [33mdebug-auto-launch\esbuild.mts[39m with 0 errors.
[[90m15:38:39[39m] Bundled extension: [33mterminal-suggest\esbuild.mts[39m with 0 errors.
[[90m15:38:40[39m] Bundled extension: [33mmermaid-markdown-features\esbuild.mts[39m with 0 errors.
[[90m15:38:40[39m] Bundled extension: [33memmet\esbuild.mts[39m with 0 errors.
[[90m15:38:40[39m] Bundled extension: [33mmedia-preview\esbuild.mts[39m with 0 errors.
[[90m15:38:40[39m] Bundled extension: [33mphp-language-features\esbuild.mts[39m with 0 errors.
[[90m15:38:40[39m] Bundled extension: [33mipynb\esbuild.mts[39m with 0 errors.
[[90m15:38:40[39m] Finished [32mtypechecking extension (tsgo)[39m C:\Users\AdrianTurion\devprojects\2-auraia\auraia-ide\vscode\extensions\debug-auto-launch\tsconfig.json with 0 errors.
[[90m15:38:43[39m] Finished [32mtypechecking extension (tsgo)[39m C:\Users\AdrianTurion\devprojects\2-auraia\auraia-ide\vscode\extensions\css-language-features\client\tsconfig.json with 0 errors.
[[90m15:38:43[39m] Finished [32mtypechecking extension (tsgo)[39m C:\Users\AdrianTurion\devprojects\2-auraia\auraia-ide\vscode\extensions\tunnel-forwarding\tsconfig.json with 0 errors.
[[90m15:38:43[39m] Finished [32mtypechecking extension (tsgo)[39m C:\Users\AdrianTurion\devprojects\2-auraia\auraia-ide\vscode\extensions\references-view\tsconfig.json with 0 errors.
[[90m15:38:43[39m] Finished [32mtypechecking extension (tsgo)[39m C:\Users\AdrianTurion\devprojects\2-auraia\auraia-ide\vscode\extensions\git-base\tsconfig.json with 0 errors.
[[90m15:38:43[39m] Finished [32mtypechecking extension (tsgo)[39m C:\Users\AdrianTurion\devprojects\2-auraia\auraia-ide\vscode\extensions\debug-server-ready\tsconfig.json with 0 errors.
[[90m15:38:43[39m] Finished [32mtypechecking extension (tsgo)[39m C:\Users\AdrianTurion\devprojects\2-auraia\auraia-ide\vscode\extensions\emmet\tsconfig.json with 0 errors.
[[90m15:38:43[39m] Finished [32mtypechecking extension (tsgo)[39m C:\Users\AdrianTurion\devprojects\2-auraia\auraia-ide\vscode\extensions\html-language-features\client\tsconfig.json with 0 errors.
[[90m15:38:43[39m] Finished [32mtypechecking extension (tsgo)[39m C:\Users\AdrianTurion\devprojects\2-auraia\auraia-ide\vscode\extensions\terminal-suggest\tsconfig.json with 0 errors.
[[90m15:38:43[39m] Finished [32mtypechecking extension (tsgo)[39m C:\Users\AdrianTurion\devprojects\2-auraia\auraia-ide\vscode\extensions\php-language-features\tsconfig.json with 0 errors.
[[90m15:38:43[39m] Finished [32mtypechecking extension (tsgo)[39m C:\Users\AdrianTurion\devprojects\2-auraia\auraia-ide\vscode\extensions\gulp\tsconfig.json with 0 errors.
[[90m15:38:43[39m] Finished [32mtypechecking extension (tsgo)[39m C:\Users\AdrianTurion\devprojects\2-auraia\auraia-ide\vscode\extensions\grunt\tsconfig.json with 0 errors.
[[90m15:38:43[39m] Finished [32mtypechecking extension (tsgo)[39m C:\Users\AdrianTurion\devprojects\2-auraia\auraia-ide\vscode\extensions\merge-conflict\tsconfig.json with 0 errors.
[[90m15:38:43[39m] Finished [32mtypechecking extension (tsgo)[39m C:\Users\AdrianTurion\devprojects\2-auraia\auraia-ide\vscode\extensions\ipynb\tsconfig.json with 0 errors.
[[90m15:38:43[39m] Finished [32mtypechecking extension (tsgo)[39m C:\Users\AdrianTurion\devprojects\2-auraia\auraia-ide\vscode\extensions\html-language-features\server\tsconfig.json with 0 errors.
[[90m15:38:43[39m] Finished [32mtypechecking extension (tsgo)[39m C:\Users\AdrianTurion\devprojects\2-auraia\auraia-ide\vscode\extensions\search-result\tsconfig.json with 0 errors.
[[90m15:38:43[39m] Finished [32mtypechecking extension (tsgo)[39m C:\Users\AdrianTurion\devprojects\2-auraia\auraia-ide\vscode\extensions\typescript-language-features\tsconfig.json with 0 errors.
[[90m15:38:43[39m] Finished [32mtypechecking extension (tsgo)[39m C:\Users\AdrianTurion\devprojects\2-auraia\auraia-ide\vscode\extensions\npm\tsconfig.json with 0 errors.
[[90m15:38:43[39m] Finished [32mtypechecking extension (tsgo)[39m C:\Users\AdrianTurion\devprojects\2-auraia\auraia-ide\vscode\extensions\media-preview\tsconfig.json with 0 errors.
[[90m15:38:43[39m] Finished [32mtypechecking extension (tsgo)[39m C:\Users\AdrianTurion\devprojects\2-auraia\auraia-ide\vscode\extensions\github-authentication\tsconfig.json with 0 errors.
[[90m15:38:43[39m] Finished [32mtypechecking extension (tsgo)[39m C:\Users\AdrianTurion\devprojects\2-auraia\auraia-ide\vscode\extensions\mermaid-markdown-features\tsconfig.json with 0 errors.
[[90m15:38:43[39m] Finished [32mtypechecking extension (tsgo)[39m C:\Users\AdrianTurion\devprojects\2-auraia\auraia-ide\vscode\extensions\markdown-math\tsconfig.json with 0 errors.
[[90m15:38:43[39m] Finished [32mtypechecking extension (tsgo)[39m C:\Users\AdrianTurion\devprojects\2-auraia\auraia-ide\vscode\extensions\jake\tsconfig.json with 0 errors.
[[90m15:38:43[39m] Finished [32mtypechecking extension (tsgo)[39m C:\Users\AdrianTurion\devprojects\2-auraia\auraia-ide\vscode\extensions\json-language-features\server\tsconfig.json with 0 errors.
[[90m15:38:43[39m] Finished [32mtypechecking extension (tsgo)[39m C:\Users\AdrianTurion\devprojects\2-auraia\auraia-ide\vscode\extensions\css-language-features\server\tsconfig.json with 0 errors.
[[90m15:38:43[39m] Finished [32mtypechecking extension (tsgo)[39m C:\Users\AdrianTurion\devprojects\2-auraia\auraia-ide\vscode\extensions\simple-browser\tsconfig.json with 0 errors.
[[90m15:38:43[39m] Finished [32mtypechecking extension (tsgo)[39m C:\Users\AdrianTurion\devprojects\2-auraia\auraia-ide\vscode\extensions\json-language-features\client\tsconfig.json with 0 errors.
[[90m15:38:43[39m] Finished [32mtypechecking extension (tsgo)[39m C:\Users\AdrianTurion\devprojects\2-auraia\auraia-ide\vscode\extensions\extension-editing\tsconfig.json with 0 errors.
[[90m15:38:43[39m] Finished [32mtypechecking extension (tsgo)[39m C:\Users\AdrianTurion\devprojects\2-auraia\auraia-ide\vscode\extensions\configuration-editing\tsconfig.json with 0 errors.
[[90m15:38:43[39m] Finished [32mtypechecking extension (tsgo)[39m C:\Users\AdrianTurion\devprojects\2-auraia\auraia-ide\vscode\extensions\markdown-language-features\tsconfig.json with 0 errors.
[[90m15:38:43[39m] Finished [32mtypechecking extension (tsgo)[39m C:\Users\AdrianTurion\devprojects\2-auraia\auraia-ide\vscode\extensions\github\tsconfig.json with 0 errors.
[[90m15:38:43[39m] Bundled extension: [33mcss-language-features\esbuild.mts[39m with 0 errors.
[[90m15:38:43[39m] Bundled extension: [33mconfiguration-editing\esbuild.mts[39m with 0 errors.
[[90m15:38:48[39m] Bundled extension: [33mgithub\esbuild.mts[39m with 0 errors.
[[90m15:38:49[39m] Bundled extension: [33mnpm\esbuild.mts[39m with 0 errors.
[[90m15:38:56[39m] Bundled extension: [33mjson-language-features\esbuild.mts[39m with 0 errors.
[[90m15:38:57[39m] Bundled extension: [33mgithub-authentication\esbuild.mts[39m with 0 errors.
[[90m15:38:57[39m] Bundled extension: [33mhtml-language-features\esbuild.mts[39m with 0 errors.
[[90m15:38:57[39m] Bundled extension: [33mmerge-conflict\esbuild.mts[39m with 0 errors.
[[90m15:38:57[39m] Bundled extension: [33mtypescript-language-features\esbuild.mts[39m with 0 errors.
[[90m15:39:05[39m] Bundled extension: [33mmarkdown-language-features\esbuild.mts[39m with 0 errors.
[[90m15:39:05[39m] Finished [36mbundle-non-native-extensions-build[39m after [35m85578 ms[39m
[[90m15:39:05[39m] Starting [36mcompile-non-native-extensions-build[39m ...
[[90m15:39:05[39m] Finished [36mcompile-non-native-extensions-build[39m after [35m0 ms[39m
[[90m15:39:05[39m] Starting [36mcompile-extension-media-build[39m ...
[[90m15:39:05[39m] Finished [32mesbuilding extension media[39m C:\Users\AdrianTurion\devprojects\2-auraia\auraia-ide\vscode\extensions\ipynb\esbuild.notebook.mts with 0 errors.
[[90m15:39:06[39m] Finished [32mesbuilding extension media[39m C:\Users\AdrianTurion\devprojects\2-auraia\auraia-ide\vscode\extensions\markdown-math\esbuild.notebook.mts with 0 errors.
[[90m15:39:06[39m] Finished [32mesbuilding extension media[39m C:\Users\AdrianTurion\devprojects\2-auraia\auraia-ide\vscode\extensions\markdown-language-features\esbuild.notebook.mts with 0 errors.
[[90m15:39:06[39m] Finished [32mesbuilding extension media[39m C:\Users\AdrianTurion\devprojects\2-auraia\auraia-ide\vscode\extensions\simple-browser\esbuild.webview.mts with 0 errors.
[[90m15:39:06[39m] Finished [32mesbuilding extension media[39m C:\Users\AdrianTurion\devprojects\2-auraia\auraia-ide\vscode\extensions\notebook-renderers\esbuild.notebook.mts with 0 errors.
[[90m15:39:07[39m] Finished [32mesbuilding extension media[39m C:\Users\AdrianTurion\devprojects\2-auraia\auraia-ide\vscode\extensions\markdown-language-features\esbuild.webview.mts with 0 errors.
[[90m15:39:34[39m] Finished [32mesbuilding extension media[39m C:\Users\AdrianTurion\devprojects\2-auraia\auraia-ide\vscode\extensions\mermaid-markdown-features\esbuild.webview.mts with 0 errors.
[[90m15:39:34[39m] Finished [36mcompile-extension-media-build[39m after [35m29345 ms[39m
[[90m15:39:34[39m] Starting [36mclean-out-vscode[39m ...
[[90m15:39:34[39m] Finished [36mclean-out-vscode[39m after [35m1 ms[39m
[[90m15:39:34[39m] Starting [36mbundle-vscode[39m ...
[[90m15:39:35[39m] Bundled entry point: [33mvs/editor/common/services/editorWebWorkerMain[39m...
[[90m15:39:36[39m] Bundled entry point: [33mvs/workbench/api/worker/extensionHostWorkerMain[39m...
[[90m15:39:36[39m] Bundled entry point: [33mvs/workbench/contrib/notebook/common/services/notebookWebWorkerMain[39m...
[[90m15:39:36[39m] Bundled entry point: [33mvs/workbench/services/languageDetection/browser/languageDetectionWebWorkerMain[39m...
[[90m15:39:36[39m] Bundled entry point: [33mvs/workbench/services/search/worker/localFileSearchMain[39m...
[[90m15:39:36[39m] Bundled entry point: [33mvs/platform/profiling/electron-browser/profileAnalysisWorkerMain[39m...
[[90m15:39:36[39m] Bundled entry point: [33mvs/workbench/contrib/output/common/outputLinkComputerMain[39m...
[[90m15:39:36[39m] Bundled entry point: [33mvs/workbench/services/textMate/browser/backgroundTokenization/worker/textMateTokenizationWorker.workerMain[39m...
[[90m15:39:36[39m] Bundled entry point: [33mvs/workbench/contrib/debug/node/telemetryApp[39m...
[[90m15:39:36[39m] Bundled entry point: [33mvs/platform/files/node/watcher/watcherMain[39m...
[[90m15:39:36[39m] Bundled entry point: [33mvs/platform/terminal/node/ptyHostMain[39m...
[[90m15:39:36[39m] Bundled entry point: [33mvs/platform/agentHost/node/agentHostMain[39m...
[[90m15:39:36[39m] Bundled entry point: [33mvs/platform/agentHost/node/diffWorkerMain[39m...
[[90m15:39:36[39m] Bundled entry point: [33mvs/workbench/api/node/extensionHostProcess[39m...
[[90m15:39:36[39m] Bundled entry point: [33mvs/workbench/workbench.desktop.main[39m...
[[90m15:39:36[39m] Bundled entry point: [33mvs/sessions/sessions.desktop.main[39m...
[[90m15:39:36[39m] Bundled entry point: [33mvs/code/node/cliProcessMain[39m...
[[90m15:39:36[39m] Bundled entry point: [33mvs/code/electron-utility/sharedProcess/sharedProcessMain[39m...
[[90m15:39:36[39m] Bundled entry point: [33mvs/code/electron-browser/workbench/workbench[39m...
[[90m15:39:36[39m] Bundled entry point: [33mvs/sessions/electron-browser/sessions[39m...
[[90m15:39:36[39m] Bundled entry point: [33mmain[39m...
[[90m15:39:36[39m] Bundled entry point: [33mcli[39m...
[[90m15:39:36[39m] Bundled entry point: [33mbootstrap-fork[39m...
[[90m15:40:25[39m] Finished [36mbundle-vscode[39m after [35m51167 ms[39m
[[90m15:40:25[39m] Starting [36mclean-out-vscode-min[39m ...
[[90m15:40:25[39m] Finished [36mclean-out-vscode-min[39m after [35m1 ms[39m
[[90m15:40:25[39m] Starting [36mminify-vscode[39m ...
[[90m15:40:41[39m] Finished [36mminify-vscode[39m after [35m16074 ms[39m
[[90m15:40:41[39m] Starting [36mvscode-min-prepack[39m ...
[[90m15:40:41[39m] Finished [36mvscode-min-prepack[39m after [35m0 ms[39m
[[90m15:40:41[39m] Finished 'vscode-min-prepack' after 11 min
