
> code-oss-dev@1.121.03563 watch
> npm-run-all2 -lp watch-client-transpile watch-client watch-extensions

[watch-client          ] 
[watch-client          ] > code-oss-dev@1.121.03563 watch-client
[watch-client          ] > npm run gulp watch-client
[watch-client          ] 
[watch-client-transpile] 
[watch-client-transpile] > code-oss-dev@1.121.03563 watch-client-transpile
[watch-client-transpile] > node build/next/index.ts transpile --watch
[watch-client-transpile] 
[watch-extensions      ] 
[watch-extensions      ] > code-oss-dev@1.121.03563 watch-extensions
[watch-extensions      ] > npm run gulp watch-extensions watch-extension-media
[watch-extensions      ] 
[watch-client          ] 
[watch-client          ] > code-oss-dev@1.121.03563 gulp
[watch-client          ] > node --experimental-strip-types --max-old-space-size=8192 ./node_modules/gulp/bin/gulp.js watch-client
[watch-client          ] 
[watch-extensions      ] 
[watch-extensions      ] > code-oss-dev@1.121.03563 gulp
[watch-extensions      ] > node --experimental-strip-types --max-old-space-size=8192 ./node_modules/gulp/bin/gulp.js watch-extensions watch-extension-media
[watch-extensions      ] 
[watch-client-transpile] Starting transpilation...
[watch-client-transpile] Finished transpilation with 0 errors after 0 ms
[watch-client-transpile] [watch] esbuild transpile disabled (useEsbuildTranspile=false). Keeping process alive as no-op.
[watch-extensions      ] [[90m16:03:03[39m] Using gulpfile ~\devprojects\2-auraia\auraia-ide\vscode\gulpfile.mjs
[watch-extensions      ] [[90m16:03:03[39m] Starting 'watch-extensions'...
[watch-extensions      ] [[90m16:03:03[39m] Starting 'watch-extension-media'...
[watch-extensions      ] [[90m16:03:03[39m] Starting [36mclean-extension-configuration-editing[39m ...
[watch-extensions      ] [[90m16:03:03[39m] Starting [36mclean-extension-css-language-features-client[39m ...
[watch-extensions      ] [[90m16:03:03[39m] Starting [36mclean-extension-css-language-features-server[39m ...
[watch-extensions      ] [[90m16:03:03[39m] Starting [36mclean-extension-debug-auto-launch[39m ...
[watch-extensions      ] [[90m16:03:03[39m] Starting [36mclean-extension-debug-server-ready[39m ...
[watch-extensions      ] [[90m16:03:03[39m] Starting [36mclean-extension-emmet[39m ...
[watch-extensions      ] [[90m16:03:03[39m] Starting [36mclean-extension-extension-editing[39m ...
[watch-extensions      ] [[90m16:03:03[39m] Starting [36mclean-extension-git[39m ...
[watch-extensions      ] [[90m16:03:03[39m] Starting [36mclean-extension-git-base[39m ...
[watch-extensions      ] [[90m16:03:03[39m] Starting [36mclean-extension-github[39m ...
[watch-extensions      ] [[90m16:03:03[39m] Starting [36mclean-extension-github-authentication[39m ...
[watch-extensions      ] [[90m16:03:03[39m] Starting [36mclean-extension-grunt[39m ...
[watch-extensions      ] [[90m16:03:03[39m] Starting [36mclean-extension-gulp[39m ...
[watch-extensions      ] [[90m16:03:03[39m] Starting [36mclean-extension-html-language-features-client[39m ...
[watch-extensions      ] [[90m16:03:03[39m] Starting [36mclean-extension-html-language-features-server[39m ...
[watch-extensions      ] [[90m16:03:03[39m] Starting [36mclean-extension-ipynb[39m ...
[watch-extensions      ] [[90m16:03:03[39m] Starting [36mclean-extension-jake[39m ...
[watch-extensions      ] [[90m16:03:03[39m] Starting [36mclean-extension-json-language-features-client[39m ...
[watch-extensions      ] [[90m16:03:03[39m] Starting [36mclean-extension-json-language-features-server[39m ...
[watch-extensions      ] [[90m16:03:03[39m] Starting [36mclean-extension-markdown-language-features[39m ...
[watch-extensions      ] [[90m16:03:03[39m] Starting [36mclean-extension-markdown-math[39m ...
[watch-extensions      ] [[90m16:03:03[39m] Starting [36mclean-extension-media-preview[39m ...
[watch-extensions      ] [[90m16:03:03[39m] Starting [36mclean-extension-merge-conflict[39m ...
[watch-extensions      ] [[90m16:03:03[39m] Starting [36mclean-extension-mermaid-markdown-features[39m ...
[watch-extensions      ] [[90m16:03:03[39m] Starting [36mclean-extension-terminal-suggest[39m ...
[watch-extensions      ] [[90m16:03:03[39m] Starting [36mclean-extension-microsoft-authentication[39m ...
[watch-extensions      ] [[90m16:03:03[39m] Starting [36mclean-extension-notebook-renderers[39m ...
[watch-extensions      ] [[90m16:03:03[39m] Starting [36mclean-extension-npm[39m ...
[watch-extensions      ] [[90m16:03:03[39m] Starting [36mclean-extension-php-language-features[39m ...
[watch-extensions      ] [[90m16:03:03[39m] Starting [36mclean-extension-references-view[39m ...
[watch-extensions      ] [[90m16:03:03[39m] Starting [36mclean-extension-search-result[39m ...
[watch-extensions      ] [[90m16:03:03[39m] Starting [36mclean-extension-simple-browser[39m ...
[watch-extensions      ] [[90m16:03:03[39m] Starting [36mclean-extension-tunnel-forwarding[39m ...
[watch-extensions      ] [[90m16:03:03[39m] Starting [36mclean-extension-typescript-language-features-web[39m ...
[watch-extensions      ] [[90m16:03:03[39m] Starting [36mclean-extension-typescript-language-features[39m ...
[watch-extensions      ] [[90m16:03:03[39m] Starting [36mclean-extension-vscode-api-tests[39m ...
[watch-extensions      ] [[90m16:03:03[39m] Starting [36mclean-extension-vscode-colorize-tests[39m ...
[watch-extensions      ] [[90m16:03:03[39m] Starting [36mclean-extension-vscode-colorize-perf-tests[39m ...
[watch-extensions      ] [[90m16:03:03[39m] Starting [36mclean-extension-vscode-test-resolver[39m ...
[watch-extensions      ] [[90m16:03:03[39m] Starting [36mclean-extension-vscode-selfhost-test-provider[39m ...
[watch-extensions      ] [[90m16:03:03[39m] Starting [36mclean-extension-vscode-selfhost-import-aid[39m ...
[watch-extensions      ] [[90m16:03:03[39m] Starting [36mclean-extension-vscode-extras[39m ...
[watch-extensions      ] [[90m16:03:03[39m] Starting [36mclean-extension-vscode-pr-pinger[39m ...
[watch-client          ] [[90m16:03:03[39m] Using gulpfile ~\devprojects\2-auraia\auraia-ide\vscode\gulpfile.mjs
[watch-client          ] [[90m16:03:03[39m] Starting 'watch-client'...
[watch-client          ] [[90m16:03:03[39m] Starting [36mwatch-typecheck-src[39m ...
[watch-extensions      ] [[90m16:03:03[39m] Finished [36mclean-extension-configuration-editing[39m after [35m123 ms[39m
[watch-extensions      ] [[90m16:03:03[39m] Starting [36mwatch-extension:configuration-editing[39m ...
[watch-extensions      ] [[90m16:03:03[39m] Starting compilation
[watch-extensions      ] [[90m16:03:03[39m] Finished [36mclean-extension-css-language-features-client[39m after [35m405 ms[39m
[watch-extensions      ] [[90m16:03:03[39m] Starting [36mwatch-extension:css-language-features-client[39m ...
[watch-extensions      ] [[90m16:03:03[39m] Finished [36mclean-extension-css-language-features-server[39m after [35m428 ms[39m
[watch-extensions      ] [[90m16:03:03[39m] Starting [36mwatch-extension:css-language-features-server[39m ...
[watch-extensions      ] [[90m16:03:03[39m] Finished [36mclean-extension-debug-auto-launch[39m after [35m449 ms[39m
[watch-extensions      ] [[90m16:03:03[39m] Starting [36mwatch-extension:debug-auto-launch[39m ...
[watch-extensions      ] [[90m16:03:03[39m] Finished [36mclean-extension-debug-server-ready[39m after [35m469 ms[39m
[watch-extensions      ] [[90m16:03:03[39m] Starting [36mwatch-extension:debug-server-ready[39m ...
[watch-extensions      ] [[90m16:03:03[39m] Finished [36mclean-extension-emmet[39m after [35m493 ms[39m
[watch-extensions      ] [[90m16:03:03[39m] Starting [36mwatch-extension:emmet[39m ...
[watch-extensions      ] [[90m16:03:03[39m] Finished [36mclean-extension-extension-editing[39m after [35m516 ms[39m
[watch-extensions      ] [[90m16:03:03[39m] Starting [36mwatch-extension:extension-editing[39m ...
[watch-extensions      ] [[90m16:03:03[39m] Finished [36mclean-extension-git[39m after [35m550 ms[39m
[watch-extensions      ] [[90m16:03:03[39m] Starting [36mwatch-extension:git[39m ...
[watch-extensions      ] [[90m16:03:03[39m] Finished [36mclean-extension-git-base[39m after [35m670 ms[39m
[watch-extensions      ] [[90m16:03:03[39m] Starting [36mwatch-extension:git-base[39m ...
[watch-extensions      ] [[90m16:03:03[39m] Finished [36mclean-extension-github[39m after [35m693 ms[39m
[watch-extensions      ] [[90m16:03:03[39m] Starting [36mwatch-extension:github[39m ...
[watch-extensions      ] [[90m16:03:04[39m] Finished [36mclean-extension-github-authentication[39m after [35m747 ms[39m
[watch-extensions      ] [[90m16:03:04[39m] Starting [36mwatch-extension:github-authentication[39m ...
[watch-extensions      ] [[90m16:03:04[39m] Finished [36mclean-extension-grunt[39m after [35m773 ms[39m
[watch-extensions      ] [[90m16:03:04[39m] Starting [36mwatch-extension:grunt[39m ...
[watch-extensions      ] [[90m16:03:04[39m] Finished [36mclean-extension-gulp[39m after [35m799 ms[39m
[watch-extensions      ] [[90m16:03:04[39m] Starting [36mwatch-extension:gulp[39m ...
[watch-extensions      ] [[90m16:03:04[39m] Finished [36mclean-extension-html-language-features-client[39m after [35m868 ms[39m
[watch-extensions      ] [[90m16:03:04[39m] Starting [36mwatch-extension:html-language-features-client[39m ...
[watch-extensions      ] [[90m16:03:04[39m] Finished [36mclean-extension-html-language-features-server[39m after [35m895 ms[39m
[watch-extensions      ] [[90m16:03:04[39m] Starting [36mwatch-extension:html-language-features-server[39m ...
[watch-extensions      ] [[90m16:03:04[39m] Finished [36mclean-extension-ipynb[39m after [35m916 ms[39m
[watch-extensions      ] [[90m16:03:04[39m] Starting [36mwatch-extension:ipynb[39m ...
[watch-extensions      ] [[90m16:03:04[39m] Finished [36mclean-extension-jake[39m after [35m1033 ms[39m
[watch-extensions      ] [[90m16:03:04[39m] Starting [36mwatch-extension:jake[39m ...
[watch-extensions      ] [[90m16:03:04[39m] Finished [36mclean-extension-json-language-features-client[39m after [35m1056 ms[39m
[watch-extensions      ] [[90m16:03:04[39m] Starting [36mwatch-extension:json-language-features-client[39m ...
[watch-extensions      ] [[90m16:03:04[39m] Finished [36mclean-extension-json-language-features-server[39m after [35m1116 ms[39m
[watch-extensions      ] [[90m16:03:04[39m] Starting [36mwatch-extension:json-language-features-server[39m ...
[watch-extensions      ] [[90m16:03:04[39m] Finished [36mclean-extension-markdown-language-features[39m after [35m1245 ms[39m
[watch-extensions      ] [[90m16:03:04[39m] Starting [36mwatch-extension:markdown-language-features[39m ...
[watch-extensions      ] [[90m16:03:04[39m] Finished [36mclean-extension-markdown-math[39m after [35m1268 ms[39m
[watch-extensions      ] [[90m16:03:04[39m] Starting [36mwatch-extension:markdown-math[39m ...
[watch-extensions      ] [[90m16:03:04[39m] Finished [36mclean-extension-media-preview[39m after [35m1368 ms[39m
[watch-extensions      ] [[90m16:03:04[39m] Starting [36mwatch-extension:media-preview[39m ...
[watch-extensions      ] [[90m16:03:04[39m] Finished [36mclean-extension-merge-conflict[39m after [35m1387 ms[39m
[watch-extensions      ] [[90m16:03:04[39m] Starting [36mwatch-extension:merge-conflict[39m ...
[watch-extensions      ] [[90m16:03:04[39m] Finished [36mclean-extension-mermaid-markdown-features[39m after [35m1623 ms[39m
[watch-extensions      ] [[90m16:03:04[39m] Starting [36mwatch-extension:mermaid-markdown-features[39m ...
[watch-extensions      ] [[90m16:03:04[39m] Finished [36mclean-extension-terminal-suggest[39m after [35m1647 ms[39m
[watch-extensions      ] [[90m16:03:04[39m] Starting [36mwatch-extension:terminal-suggest[39m ...
[watch-extensions      ] [[90m16:03:04[39m] Finished [36mclean-extension-microsoft-authentication[39m after [35m1680 ms[39m
[watch-extensions      ] [[90m16:03:04[39m] Starting [36mwatch-extension:microsoft-authentication[39m ...
[watch-extensions      ] [[90m16:03:04[39m] Finished [36mclean-extension-notebook-renderers[39m after [35m1700 ms[39m
[watch-extensions      ] [[90m16:03:04[39m] Starting [36mwatch-extension:notebook-renderers[39m ...
[watch-extensions      ] [[90m16:03:05[39m] Finished [36mclean-extension-npm[39m after [35m1726 ms[39m
[watch-extensions      ] [[90m16:03:05[39m] Starting [36mwatch-extension:npm[39m ...
[watch-extensions      ] [[90m16:03:05[39m] Finished [36mclean-extension-php-language-features[39m after [35m1898 ms[39m
[watch-extensions      ] [[90m16:03:05[39m] Starting [36mwatch-extension:php-language-features[39m ...
[watch-extensions      ] [[90m16:03:05[39m] Finished [36mclean-extension-references-view[39m after [35m2139 ms[39m
[watch-extensions      ] [[90m16:03:05[39m] Starting [36mwatch-extension:references-view[39m ...
[watch-extensions      ] [[90m16:03:05[39m] Finished [36mclean-extension-search-result[39m after [35m2162 ms[39m
[watch-extensions      ] [[90m16:03:05[39m] Starting [36mwatch-extension:search-result[39m ...
[watch-extensions      ] [[90m16:03:05[39m] Finished [36mclean-extension-simple-browser[39m after [35m2449 ms[39m
[watch-extensions      ] [[90m16:03:05[39m] Starting [36mwatch-extension:simple-browser[39m ...
[watch-extensions      ] [[90m16:03:05[39m] Finished [36mclean-extension-tunnel-forwarding[39m after [35m2470 ms[39m
[watch-extensions      ] [[90m16:03:05[39m] Starting [36mwatch-extension:tunnel-forwarding[39m ...
[watch-extensions      ] [[90m16:03:06[39m] Finished [36mclean-extension-typescript-language-features-web[39m after [35m2719 ms[39m
[watch-extensions      ] [[90m16:03:06[39m] Starting [36mwatch-extension:typescript-language-features-web[39m ...
[watch-extensions      ] [[90m16:03:06[39m] Finished [36mclean-extension-typescript-language-features[39m after [35m2746 ms[39m
[watch-extensions      ] [[90m16:03:06[39m] Starting [36mwatch-extension:typescript-language-features[39m ...
[watch-extensions      ] [[90m16:03:06[39m] Finished [36mclean-extension-vscode-api-tests[39m after [35m2980 ms[39m
[watch-extensions      ] [[90m16:03:06[39m] Starting [36mwatch-extension:vscode-api-tests[39m ...
[watch-extensions      ] [[90m16:03:06[39m] Finished [36mclean-extension-vscode-colorize-tests[39m after [35m3005 ms[39m
[watch-extensions      ] [[90m16:03:06[39m] Starting [36mwatch-extension:vscode-colorize-tests[39m ...
[watch-extensions      ] [[90m16:03:06[39m] Finished [36mclean-extension-vscode-colorize-perf-tests[39m after [35m3196 ms[39m
[watch-extensions      ] [[90m16:03:06[39m] Starting [36mwatch-extension:vscode-colorize-perf-tests[39m ...
[watch-extensions      ] [[90m16:03:06[39m] Finished [36mclean-extension-vscode-test-resolver[39m after [35m3218 ms[39m
[watch-extensions      ] [[90m16:03:06[39m] Starting [36mwatch-extension:vscode-test-resolver[39m ...
[watch-extensions      ] [[90m16:03:06[39m] Finished [36mclean-extension-vscode-selfhost-test-provider[39m after [35m3618 ms[39m
[watch-extensions      ] [[90m16:03:06[39m] Starting [36mwatch-extension:vscode-selfhost-test-provider[39m ...
[watch-extensions      ] [[90m16:03:06[39m] Finished [36mclean-extension-vscode-selfhost-import-aid[39m after [35m3647 ms[39m
[watch-extensions      ] [[90m16:03:06[39m] Starting [36mwatch-extension:vscode-selfhost-import-aid[39m ...
[watch-extensions      ] [[90m16:03:06[39m] Finished [36mclean-extension-vscode-extras[39m after [35m3670 ms[39m
[watch-extensions      ] [[90m16:03:06[39m] Starting [36mwatch-extension:vscode-extras[39m ...
[watch-extensions      ] [[90m16:03:06[39m] Finished [36mclean-extension-vscode-pr-pinger[39m after [35m3693 ms[39m
[watch-extensions      ] [[90m16:03:06[39m] Starting [36mwatch-extension:vscode-pr-pinger[39m ...
[watch-extensions      ] [[90m16:03:27[39m] Finished [32mextensions[39m C:\Users\AdrianTurion\devprojects\2-auraia\auraia-ide\vscode\extensions\markdown-math\tsconfig.json with 0 errors.
[watch-extensions      ] [[90m16:03:32[39m] Finished [32mextensions[39m C:\Users\AdrianTurion\devprojects\2-auraia\auraia-ide\vscode\extensions\gulp\tsconfig.json with 0 errors.
[watch-extensions      ] [[90m16:03:37[39m] Finished [32mextensions[39m C:\Users\AdrianTurion\devprojects\2-auraia\auraia-ide\vscode\extensions\debug-server-ready\tsconfig.json with 0 errors.
[watch-extensions      ] [[90m16:03:38[39m] Finished [32mextensions[39m C:\Users\AdrianTurion\devprojects\2-auraia\auraia-ide\vscode\extensions\debug-auto-launch\tsconfig.json with 0 errors.
[watch-extensions      ] [[90m16:03:38[39m] Finished [32mextensions[39m C:\Users\AdrianTurion\devprojects\2-auraia\auraia-ide\vscode\extensions\github-authentication\tsconfig.json with 0 errors.
[watch-extensions      ] [[90m16:03:38[39m] Finished [32mextensions[39m C:\Users\AdrianTurion\devprojects\2-auraia\auraia-ide\vscode\extensions\css-language-features\client\tsconfig.json with 0 errors.
[watch-extensions      ] [[90m16:03:38[39m] Finished [32mextensions[39m C:\Users\AdrianTurion\devprojects\2-auraia\auraia-ide\vscode\extensions\mermaid-markdown-features\tsconfig.json with 0 errors.
[watch-extensions      ] [[90m16:03:38[39m] Finished [32mextensions[39m C:\Users\AdrianTurion\devprojects\2-auraia\auraia-ide\vscode\extensions\simple-browser\tsconfig.json with 0 errors.
[watch-extensions      ] [[90m16:03:38[39m] Finished [32mextensions[39m C:\Users\AdrianTurion\devprojects\2-auraia\auraia-ide\vscode\extensions\git-base\tsconfig.json with 0 errors.
[watch-extensions      ] [[90m16:03:40[39m] Finished [32mextensions[39m C:\Users\AdrianTurion\devprojects\2-auraia\auraia-ide\vscode\extensions\merge-conflict\tsconfig.json with 0 errors.
[watch-client          ] [[90m16:03:40[39m] Starting [32mcompilation[39m...
[watch-client          ] [[90m16:03:40[39m] Starting [36mwatch-api-proposal-names[39m ...
[watch-client          ] [[90m16:03:40[39m] Starting [32mcompilation[39m[34m api-proposal-names[39m...
[watch-client          ] [[90m16:03:40[39m] Starting [36mwatch-extension-point-names[39m ...
[watch-client          ] [[90m16:03:40[39m] Starting [32mcompilation[39m[34m extension-point-names[39m...
[watch-client          ] [[90m16:03:40[39m] Starting [36mwatch-codicons[39m ...
[watch-extensions      ] [[90m16:03:41[39m] Finished [32mextensions[39m C:\Users\AdrianTurion\devprojects\2-auraia\auraia-ide\vscode\extensions\grunt\tsconfig.json with 0 errors.
[watch-extensions      ] [[90m16:03:42[39m] Finished [32mextensions[39m C:\Users\AdrianTurion\devprojects\2-auraia\auraia-ide\vscode\extensions\jake\tsconfig.json with 0 errors.
[watch-extensions      ] [[90m16:03:43[39m] Finished [32mextensions[39m C:\Users\AdrianTurion\devprojects\2-auraia\auraia-ide\vscode\extensions\search-result\tsconfig.json with 0 errors.
[watch-extensions      ] [[90m16:03:43[39m] Finished [32mextensions[39m C:\Users\AdrianTurion\devprojects\2-auraia\auraia-ide\vscode\.vscode\extensions\vscode-extras\tsconfig.json with 0 errors.
[watch-client          ] [[90m16:03:43[39m] Finished [32mcompilation[39m[34m api-proposal-names[39m with 0 errors after [35m3630 ms[39m
[watch-extensions      ] [[90m16:03:45[39m] Finished [32mextensions[39m C:\Users\AdrianTurion\devprojects\2-auraia\auraia-ide\vscode\extensions\tunnel-forwarding\tsconfig.json with 0 errors.
[watch-extensions      ] [[90m16:03:46[39m] Finished [32mextensions[39m C:\Users\AdrianTurion\devprojects\2-auraia\auraia-ide\vscode\extensions\vscode-colorize-tests\tsconfig.json with 0 errors.
[watch-extensions      ] [[90m16:03:46[39m] Finished [32mextensions[39m C:\Users\AdrianTurion\devprojects\2-auraia\auraia-ide\vscode\extensions\vscode-colorize-perf-tests\tsconfig.json with 0 errors.
[watch-extensions      ] [[90m16:03:46[39m] Finished [32mextensions[39m C:\Users\AdrianTurion\devprojects\2-auraia\auraia-ide\vscode\extensions\vscode-test-resolver\tsconfig.json with 0 errors.
[watch-extensions      ] [[90m16:03:47[39m] Finished [32mextensions[39m C:\Users\AdrianTurion\devprojects\2-auraia\auraia-ide\vscode\.vscode\extensions\vscode-selfhost-import-aid\tsconfig.json with 0 errors.
[watch-extensions      ] [[90m16:03:47[39m] Finished [32mextensions[39m C:\Users\AdrianTurion\devprojects\2-auraia\auraia-ide\vscode\extensions\json-language-features\client\tsconfig.json with 0 errors.
[watch-extensions      ] [[90m16:03:47[39m] Finished [32mextensions[39m C:\Users\AdrianTurion\devprojects\2-auraia\auraia-ide\vscode\.vscode\extensions\vscode-pr-pinger\tsconfig.json with 0 errors.
[watch-extensions      ] [[90m16:03:47[39m] Finished [32mextensions[39m C:\Users\AdrianTurion\devprojects\2-auraia\auraia-ide\vscode\extensions\references-view\tsconfig.json with 0 errors.
[watch-extensions      ] [[90m16:03:47[39m] Finished [32mextensions[39m C:\Users\AdrianTurion\devprojects\2-auraia\auraia-ide\vscode\extensions\media-preview\tsconfig.json with 0 errors.
[watch-extensions      ] [[90m16:03:48[39m] Finished [32mextensions[39m C:\Users\AdrianTurion\devprojects\2-auraia\auraia-ide\vscode\extensions\json-language-features\server\tsconfig.json with 0 errors.
[watch-extensions      ] [[90m16:03:48[39m] Finished [32mextensions[39m C:\Users\AdrianTurion\devprojects\2-auraia\auraia-ide\vscode\extensions\html-language-features\client\tsconfig.json with 0 errors.
[watch-extensions      ] [[90m16:03:48[39m] Finished [32mextensions[39m C:\Users\AdrianTurion\devprojects\2-auraia\auraia-ide\vscode\extensions\php-language-features\tsconfig.json with 0 errors.
[watch-extensions      ] [[90m16:03:48[39m] Finished [32mextensions[39m C:\Users\AdrianTurion\devprojects\2-auraia\auraia-ide\vscode\extensions\npm\tsconfig.json with 0 errors.
[watch-extensions      ] [[90m16:03:48[39m] Finished [32mextensions[39m C:\Users\AdrianTurion\devprojects\2-auraia\auraia-ide\vscode\extensions\configuration-editing\tsconfig.json with 0 errors.
[watch-extensions      ] [[90m16:03:48[39m] Finished [32mextensions[39m C:\Users\AdrianTurion\devprojects\2-auraia\auraia-ide\vscode\extensions\css-language-features\server\tsconfig.json with 0 errors.
[watch-extensions      ] [[90m16:03:48[39m] Finished [32mextensions[39m C:\Users\AdrianTurion\devprojects\2-auraia\auraia-ide\vscode\extensions\typescript-language-features\web\tsconfig.json with 0 errors.
[watch-extensions      ] [[90m16:03:48[39m] Finished [32mextensions[39m C:\Users\AdrianTurion\devprojects\2-auraia\auraia-ide\vscode\extensions\notebook-renderers\tsconfig.json with 0 errors.
[watch-extensions      ] [[90m16:03:48[39m] Finished [32mextensions[39m C:\Users\AdrianTurion\devprojects\2-auraia\auraia-ide\vscode\extensions\extension-editing\tsconfig.json with 0 errors.
[watch-extensions      ] [[90m16:03:49[39m] Finished [32mextensions[39m C:\Users\AdrianTurion\devprojects\2-auraia\auraia-ide\vscode\extensions\html-language-features\server\tsconfig.json with 0 errors.
[watch-extensions      ] [[90m16:03:49[39m] Finished [32mextensions[39m C:\Users\AdrianTurion\devprojects\2-auraia\auraia-ide\vscode\extensions\microsoft-authentication\tsconfig.json with 0 errors.
[watch-extensions      ] [[90m16:03:49[39m] Finished [32mextensions[39m C:\Users\AdrianTurion\devprojects\2-auraia\auraia-ide\vscode\extensions\ipynb\tsconfig.json with 0 errors.
[watch-extensions      ] [[90m16:03:49[39m] Finished [32mextensions[39m C:\Users\AdrianTurion\devprojects\2-auraia\auraia-ide\vscode\.vscode\extensions\vscode-selfhost-test-provider\tsconfig.json with 0 errors.
[watch-extensions      ] [[90m16:03:49[39m] Finished [32mextensions[39m C:\Users\AdrianTurion\devprojects\2-auraia\auraia-ide\vscode\extensions\github\tsconfig.json with 0 errors.
[watch-extensions      ] [[90m16:03:49[39m] Finished [32mextensions[39m C:\Users\AdrianTurion\devprojects\2-auraia\auraia-ide\vscode\extensions\markdown-language-features\tsconfig.json with 0 errors.
[watch-extensions      ] [[90m16:03:49[39m] Finished [32mextensions[39m C:\Users\AdrianTurion\devprojects\2-auraia\auraia-ide\vscode\extensions\emmet\tsconfig.json with 0 errors.
[watch-extensions      ] [[90m16:03:51[39m] Finished [32mextensions[39m C:\Users\AdrianTurion\devprojects\2-auraia\auraia-ide\vscode\extensions\git\tsconfig.json with 0 errors.
[watch-extensions      ] [[90m16:03:51[39m] Finished [32mextensions[39m C:\Users\AdrianTurion\devprojects\2-auraia\auraia-ide\vscode\extensions\vscode-api-tests\tsconfig.json with 0 errors.
[watch-client          ] [[90m16:03:51[39m] Finished [32mcompilation[39m[34m extension-point-names[39m with 0 errors after [35m10871 ms[39m
[watch-extensions      ] [[90m16:03:51[39m] Finished [32mextensions[39m C:\Users\AdrianTurion\devprojects\2-auraia\auraia-ide\vscode\extensions\typescript-language-features\tsconfig.json with 0 errors.
[watch-extensions      ] [[90m16:04:10[39m] Finished [32mextensions[39m C:\Users\AdrianTurion\devprojects\2-auraia\auraia-ide\vscode\extensions\terminal-suggest\tsconfig.json with 0 errors.
[watch-extensions      ] [[90m16:04:10[39m] Finished compilation
[watch-client          ] [[90m16:05:44[39m] Finished [32mwatch-client-noEmit[39m C:\Users\AdrianTurion\devprojects\2-auraia\auraia-ide\vscode\src\tsconfig.json with 0 errors.
[watch-client          ] [[90m16:05:44[39m] Finished [32mcompilation[39m with 0 errors after [35m124608 ms[39m
[watch-client          ] [[90m16:05:45[39m] Starting [32mcompilation[39m...
[watch-client          ] [[90m16:05:52[39m] Finished [32mwatch-client-noEmit[39m C:\Users\AdrianTurion\devprojects\2-auraia\auraia-ide\vscode\src\tsconfig.json with 0 errors.
[watch-client          ] [[90m16:05:52[39m] Finished [32mcompilation[39m with 0 errors after [35m6819 ms[39m
[watch-client          ] [[90m16:42:28[39m] Starting [32mcompilation[39m[34m extension-point-names[39m...
[watch-client          ] [[90m16:42:28[39m] Starting [32mcompilation[39m...
[watch-client          ] [[90m16:42:31[39m] Finished [32mcompilation[39m[34m extension-point-names[39m with 0 errors after [35m3056 ms[39m
[watch-client          ] [[90m16:43:24[39m] Starting [32mcompilation[39m[34m extension-point-names[39m...
[watch-client          ] [[90m16:43:32[39m] Finished [32mcompilation[39m[34m extension-point-names[39m with 0 errors after [35m7624 ms[39m
[watch-client          ] [[90m16:43:43[39m] Finished [32mwatch-client-noEmit[39m C:\Users\AdrianTurion\devprojects\2-auraia\auraia-ide\vscode\src\tsconfig.json with 3 errors.
[watch-client          ] [[90m16:43:43[39m] src/vs/workbench/contrib/welcomeGettingStarted/browser/gettingStarted.ts(969,60): error TS2663: Cannot find name 'announcementList'. Did you mean the instance member 'this.announcementList'?
[watch-client          ] [[90m16:43:43[39m] src/vs/workbench/contrib/welcomeGettingStarted/browser/gettingStarted.ts(973,24): error TS2663: Cannot find name 'announcementList'. Did you mean the instance member 'this.announcementList'?
[watch-client          ] [[90m16:43:43[39m] src/vs/workbench/contrib/welcomeGettingStarted/browser/gettingStarted.ts(1162,16): error TS6133: 'buildAnnouncementList' is declared but its value is never read.
[watch-client          ] [[90m16:43:43[39m] [[90m16:43:43[39m] [31mError[39m: Error: tsgo exited with code 2
[watch-client          ] [[90m16:43:43[39m] Finished [32mcompilation[39m with 1 errors after [35m74766 ms[39m
[watch-client          ] [31m[tsgo] watch-client-noEmit failed[39m
[watch-client          ] [[90m16:43:43[39m] Starting [32mcompilation[39m...
[watch-client          ] [[90m16:43:50[39m] Finished [32mwatch-client-noEmit[39m C:\Users\AdrianTurion\devprojects\2-auraia\auraia-ide\vscode\src\tsconfig.json with 1 errors.
[watch-client          ] [[90m16:43:50[39m] [31m[tsgo] watch-client-noEmit failed[39m
[watch-client          ] [[90m16:43:50[39m] src/vs/workbench/contrib/welcomeGettingStarted/browser/gettingStarted.ts(1162,16): error TS6133: 'buildAnnouncementList' is declared but its value is never read.
[watch-client          ] [[90m16:43:50[39m] [31mError[39m: Error: tsgo exited with code 2
[watch-client          ] [[90m16:43:50[39m] Finished [32mcompilation[39m with 1 errors after [35m6566 ms[39m
[watch-client          ] [[90m16:44:41[39m] Starting [32mcompilation[39m...
[watch-client          ] [[90m16:45:04[39m] Finished [32mwatch-client-noEmit[39m C:\Users\AdrianTurion\devprojects\2-auraia\auraia-ide\vscode\src\tsconfig.json with 1 errors.
[watch-client          ] [[90m16:45:04[39m] [31m[tsgo] watch-client-noEmit failed[39m
[watch-client          ] [[90m16:45:04[39m] src/vs/workbench/contrib/welcomeGettingStarted/browser/gettingStarted.ts(1162,16): error TS6133: 'buildAnnouncementList' is declared but its value is never read.
[watch-client          ] [[90m16:45:04[39m] [31mError[39m: Error: tsgo exited with code 2
[watch-client          ] [[90m16:45:04[39m] Finished [32mcompilation[39m with 1 errors after [35m23347 ms[39m
[watch-client          ] [[90m16:45:54[39m] Starting [32mcompilation[39m[34m extension-point-names[39m...
[watch-client          ] [[90m16:45:54[39m] Starting [32mcompilation[39m...
[watch-client          ] [[90m16:46:12[39m] Finished [32mcompilation[39m[34m extension-point-names[39m with 0 errors after [35m18046 ms[39m
[watch-client          ] [[90m16:46:59[39m] Starting [32mcompilation[39m[34m extension-point-names[39m...
[watch-client          ] [[90m16:47:09[39m] Finished [32mwatch-client-noEmit[39m C:\Users\AdrianTurion\devprojects\2-auraia\auraia-ide\vscode\src\tsconfig.json with 10 errors.
[watch-client          ] [[90m16:47:09[39m] [31m[tsgo] watch-client-noEmit failed[39m
[watch-client          ] [[90m16:47:09[39m] src/vs/workbench/contrib/welcomeGettingStarted/browser/gettingStarted.ts(1160,16): error TS6133: 'buildAnnouncementList' is declared but its value is never read.
[watch-client          ] [[90m16:47:09[39m] src/vs/workbench/contrib/welcomeGettingStarted/browser/gettingStarted.ts(1174,12): error TS2551: Property 'announcementList' does not exist on type 'GettingStartedPage'. Did you mean 'buildAnnouncementList'?
[watch-client          ] [[90m16:47:09[39m] src/vs/workbench/contrib/welcomeGettingStarted/browser/gettingStarted.ts(1174,37): error TS2551: Property 'announcementList' does not exist on type 'GettingStartedPage'. Did you mean 'buildAnnouncementList'?
[watch-client          ] [[90m16:47:09[39m] src/vs/workbench/contrib/welcomeGettingStarted/browser/gettingStarted.ts(1176,33): error TS2551: Property 'announcementList' does not exist on type 'GettingStartedPage'. Did you mean 'buildAnnouncementList'?
[watch-client          ] [[90m16:47:09[39m] src/vs/workbench/contrib/welcomeGettingStarted/browser/gettingStarted.ts(1185,13): error TS2339: Property 'announcementData' does not exist on type 'GettingStartedPage'.
[watch-client          ] [[90m16:47:09[39m] src/vs/workbench/contrib/welcomeGettingStarted/browser/gettingStarted.ts(1195,13): error TS2339: Property 'announcementData' does not exist on type 'GettingStartedPage'.
[watch-client          ] [[90m16:47:09[39m] src/vs/workbench/contrib/welcomeGettingStarted/browser/gettingStarted.ts(1197,13): error TS2339: Property 'announcementData' does not exist on type 'GettingStartedPage'.
[watch-client          ] [[90m16:47:09[39m] src/vs/workbench/contrib/welcomeGettingStarted/browser/gettingStarted.ts(1201,12): error TS2339: Property 'announcementData' does not exist on type 'GettingStartedPage'.
[watch-client          ] [[90m16:47:09[39m] src/vs/workbench/contrib/welcomeGettingStarted/browser/gettingStarted.ts(1204,10): error TS2339: Property 'announcementData' does not exist on type 'GettingStartedPage'.
[watch-client          ] [[90m16:47:09[39m] src/vs/workbench/contrib/welcomeGettingStarted/browser/gettingStarted.ts(1208,36): error TS2339: Property 'announcementData' does not exist on type 'GettingStartedPage'.
[watch-client          ] [[90m16:47:09[39m] [31mError[39m: Error: tsgo exited with code 2
[watch-client          ] [[90m16:47:09[39m] Finished [32mcompilation[39m with 1 errors after [35m74796 ms[39m
[watch-client          ] [[90m16:47:10[39m] Starting [32mcompilation[39m...
[watch-client          ] [[90m16:47:25[39m] Finished [32mcompilation[39m[34m extension-point-names[39m with 0 errors after [35m25860 ms[39m
[watch-client          ] [[90m16:47:38[39m] Starting [32mcompilation[39m[34m extension-point-names[39m...
[watch-client          ] [[90m16:47:49[39m] Finished [32mwatch-client-noEmit[39m C:\Users\AdrianTurion\devprojects\2-auraia\auraia-ide\vscode\src\tsconfig.json with 1 errors.
[watch-client          ] [[90m16:47:49[39m] src/vs/workbench/contrib/welcomeGettingStarted/browser/gettingStarted.ts(124,7): error TS6133: 'BUILTIN_ANNOUNCEMENTS' is declared but its value is never read.
[watch-client          ] [[90m16:47:49[39m] [31m[tsgo] watch-client-noEmit failed[39m
[watch-client          ] [[90m16:47:49[39m] [31mError[39m: Error: tsgo exited with code 2
[watch-client          ] [[90m16:47:49[39m] Finished [32mcompilation[39m with 1 errors after [35m39067 ms[39m
[watch-client          ] [[90m16:47:50[39m] Starting [32mcompilation[39m...
[watch-client          ] [[90m16:48:08[39m] Finished [32mwatch-client-noEmit[39m C:\Users\AdrianTurion\devprojects\2-auraia\auraia-ide\vscode\src\tsconfig.json with 2 errors.
[watch-client          ] [[90m16:48:08[39m] src/vs/workbench/contrib/welcomeGettingStarted/browser/gettingStarted.ts(123,7): error TS6133: 'BUILTIN_ANNOUNCEMENTS' is declared but its value is never read.
[watch-client          ] [[90m16:48:08[39m] [[90m16:48:08[39m] [31m[tsgo] watch-client-noEmit failed[39m
[watch-client          ] src/vs/workbench/contrib/welcomeGettingStarted/browser/gettingStarted.ts(123,30): error TS2304: Cannot find name 'AnnouncementEntry'.
[watch-client          ] [[90m16:48:08[39m] [31mError[39m: Error: tsgo exited with code 2
[watch-client          ] [[90m16:48:08[39m] Finished [32mcompilation[39m with 1 errors after [35m18186 ms[39m
[watch-client          ] [[90m16:48:10[39m] Finished [32mcompilation[39m[34m extension-point-names[39m with 0 errors after [35m32389 ms[39m
[watch-client          ] [[90m16:48:18[39m] Starting [32mcompilation[39m...
[watch-client          ] [[90m16:48:18[39m] Starting [32mcompilation[39m[34m extension-point-names[39m...
[watch-client          ] [[90m16:48:44[39m] Finished [32mwatch-client-noEmit[39m C:\Users\AdrianTurion\devprojects\2-auraia\auraia-ide\vscode\src\tsconfig.json with 0 errors.
[watch-client          ] [[90m16:48:44[39m] Finished [32mcompilation[39m with 0 errors after [35m25742 ms[39m
[watch-client          ] [[90m16:48:48[39m] Finished [32mcompilation[39m[34m extension-point-names[39m with 0 errors after [35m29223 ms[39m
[watch-client          ] [[90m17:41:32[39m] Starting [32mcompilation[39m...
[watch-client          ] [[90m17:41:32[39m] Starting [32mcompilation[39m[34m extension-point-names[39m...
[watch-client          ] [[90m17:41:36[39m] Finished [32mcompilation[39m[34m extension-point-names[39m with 0 errors after [35m4248 ms[39m
[watch-client          ] [[90m17:41:37[39m] Starting [32mcompilation[39m[34m extension-point-names[39m...
[watch-client          ] [[90m17:41:41[39m] Finished [32mcompilation[39m[34m extension-point-names[39m with 0 errors after [35m3939 ms[39m
[watch-client          ] [[90m17:42:10[39m] Finished [32mwatch-client-noEmit[39m C:\Users\AdrianTurion\devprojects\2-auraia\auraia-ide\vscode\src\tsconfig.json with 0 errors.
[watch-client          ] [[90m17:42:10[39m] Finished [32mcompilation[39m with 0 errors after [35m37911 ms[39m
[watch-client          ] [[90m17:42:10[39m] Starting [32mcompilation[39m...
[watch-client          ] [[90m17:42:19[39m] Finished [32mwatch-client-noEmit[39m C:\Users\AdrianTurion\devprojects\2-auraia\auraia-ide\vscode\src\tsconfig.json with 0 errors.
[watch-client          ] [[90m17:42:19[39m] Finished [32mcompilation[39m with 0 errors after [35m8896 ms[39m
[watch-client          ] [[90m17:44:31[39m] Starting [32mcompilation[39m[34m extension-point-names[39m...
[watch-client          ] [[90m17:44:31[39m] Starting [32mcompilation[39m...
[watch-client          ] [[90m17:44:36[39m] Finished [32mcompilation[39m[34m extension-point-names[39m with 0 errors after [35m5010 ms[39m
[watch-client          ] [[90m17:45:11[39m] Finished [32mwatch-client-noEmit[39m C:\Users\AdrianTurion\devprojects\2-auraia\auraia-ide\vscode\src\tsconfig.json with 5 errors.
[watch-client          ] [[90m17:45:11[39m] src/vs/workbench/contrib/welcomeGettingStarted/common/gettingStartedContent.ts(13,10): error TS6133: 'NotebookSetting' is declared but its value is never read.
[watch-client          ] [[90m17:45:11[39m] src/vs/workbench/contrib/welcomeGettingStarted/common/gettingStartedContent.ts(14,10): error TS6133: 'CONTEXT_ACCESSIBILITY_MODE_ENABLED' is declared but its value is never read.
[watch-client          ] [[90m17:45:11[39m] src/vs/workbench/contrib/welcomeGettingStarted/common/gettingStartedContent.ts(72,7): error TS6133: 'setupIcon' is declared but its value is never read.
[watch-client          ] [[90m17:45:11[39m] src/vs/workbench/contrib/welcomeGettingStarted/common/gettingStartedContent.ts(73,7): error TS6133: 'beginnerIcon' is declared but its value is never read.
[watch-client          ] [[90m17:45:11[39m] src/vs/workbench/contrib/welcomeGettingStarted/common/gettingStartedContent.ts(171,7): error TS6133: 'Button' is declared but its value is never read.
[watch-client          ] [[90m17:45:11[39m] [31m[tsgo] watch-client-noEmit failed[39m
[watch-client          ] [[90m17:45:11[39m] [31mError[39m: Error: tsgo exited with code 2
[watch-client          ] [[90m17:45:11[39m] Finished [32mcompilation[39m with 1 errors after [35m39994 ms[39m
[watch-client          ] [[90m18:03:11[39m] 'watch-client' errored after 2 h
[watch-client          ] [[90m18:03:11[39m] Error: Watcher died with code 3221225786
[watch-client          ]     at formatError (C:\Users\AdrianTurion\devprojects\2-auraia\auraia-ide\vscode\node_modules\gulp-cli\lib\versioned\^4.0.0\format-error.js:21:10)
[watch-client          ]     at Gulp.<anonymous> (C:\Users\AdrianTurion\devprojects\2-auraia\auraia-ide\vscode\node_modules\gulp-cli\lib\versioned\^4.0.0\log\events.js:33:15)
[watch-client          ]     at Gulp.emit (node:events:531:35)
[watch-client          ]     at Gulp.emit (node:domain:489:12)
[watch-client          ]     at Object.error (C:\Users\AdrianTurion\devprojects\2-auraia\auraia-ide\vscode\node_modules\undertaker\lib\helpers\createExtensions.js:61:10)
[watch-client          ]     at handler (C:\Users\AdrianTurion\devprojects\2-auraia\auraia-ide\vscode\node_modules\now-and-later\lib\map.js:50:14)
[watch-client          ]     at f (C:\Users\AdrianTurion\devprojects\2-auraia\auraia-ide\vscode\node_modules\once\once.js:25:25)
[watch-client          ]     at f (C:\Users\AdrianTurion\devprojects\2-auraia\auraia-ide\vscode\node_modules\once\once.js:25:25)
[watch-client          ]     at tryCatch (C:\Users\AdrianTurion\devprojects\2-auraia\auraia-ide\vscode\node_modules\async-done\index.js:24:15)
[watch-client          ]     at done (C:\Users\AdrianTurion\devprojects\2-auraia\auraia-ide\vscode\node_modules\async-done\index.js:40:12)
[watch-extensions      ] [[90m18:03:12[39m] 'watch-extensions' errored after 2 h
[watch-extensions      ] [[90m18:03:12[39m] Error: Watcher died with code 3221225786
[watch-extensions      ]     at formatError (C:\Users\AdrianTurion\devprojects\2-auraia\auraia-ide\vscode\node_modules\gulp-cli\lib\versioned\^4.0.0\format-error.js:21:10)
[watch-extensions      ]     at Gulp.<anonymous> (C:\Users\AdrianTurion\devprojects\2-auraia\auraia-ide\vscode\node_modules\gulp-cli\lib\versioned\^4.0.0\log\events.js:33:15)
[watch-extensions      ]     at Gulp.emit (node:events:531:35)
[watch-extensions      ]     at Gulp.emit (node:domain:489:12)
[watch-extensions      ]     at Object.error (C:\Users\AdrianTurion\devprojects\2-auraia\auraia-ide\vscode\node_modules\undertaker\lib\helpers\createExtensions.js:61:10)
[watch-extensions      ]     at handler (C:\Users\AdrianTurion\devprojects\2-auraia\auraia-ide\vscode\node_modules\now-and-later\lib\map.js:50:14)
[watch-extensions      ]     at f (C:\Users\AdrianTurion\devprojects\2-auraia\auraia-ide\vscode\node_modules\once\once.js:25:25)
[watch-extensions      ]     at f (C:\Users\AdrianTurion\devprojects\2-auraia\auraia-ide\vscode\node_modules\once\once.js:25:25)
[watch-extensions      ]     at tryCatch (C:\Users\AdrianTurion\devprojects\2-auraia\auraia-ide\vscode\node_modules\async-done\index.js:24:15)
[watch-extensions      ]     at done (C:\Users\AdrianTurion\devprojects\2-auraia\auraia-ide\vscode\node_modules\async-done\index.js:40:12)
[watch-extensions      ] ^C^C